// Jest Snapshot v1, https://goo.gl/fbAQLP

exports[`DisasterPost renders correctly 1`] = `
<div
  className="DisasterPost"
>
  new disaster
</div>
`;
